[1mInitial chunk files[22m[2m | [22m[1mNames[22m                [2m | [22m [1mRaw size[22m[2m | [22m[1mEstimated transfer size[22m
[32mmain-RKHPNPZI.js[39m   [2m | [22m[2mmain[22m                 [2m | [22m[36m900.00 kB[39m[2m | [22m              [36m179.62 kB[39m
[32mchunk-ZXXGUPXG.js[39m  [2m | [22m[2m-[22m                    [2m | [22m[36m143.33 kB[39m[2m | [22m               [36m42.19 kB[39m
[32mstyles-KPEU5YPU.css[39m[2m | [22m[2mstyles[22m               [2m | [22m [36m28.81 kB[39m[2m | [22m                [36m6.00 kB[39m
[32mchunk-HZ6M6AS2.js[39m  [2m | [22m[2m-[22m                    [2m | [22m  [36m1.32 kB[39m[2m | [22m              [36m570 bytes[39m

[1m [22m                  [2m | [22m[1mInitial total[22m        [2m | [22m  [1m1.07 MB[22m[2m | [22m              [1m228.38 kB[22m

[1mLazy chunk files[22m   [2m | [22m[1mNames[22m                [2m | [22m [1mRaw size[22m[2m | [22m[1mEstimated transfer size[22m
[32mchunk-DMCVACAY.js[39m  [2m | [22m[2mort-webgpu-bundle-min[22m[2m | [22m[36m397.01 kB[39m[2m | [22m               [36m90.88 kB[39m
[32mchunk-YZ7KFYH6.js[39m  [2m | [22m[2mort-bundle-min[22m       [2m | [22m[36m397.00 kB[39m[2m | [22m               [36m90.78 kB[39m
[32mchunk-2CLGHW3Q.js[39m  [2m | [22m[2mindex[22m                [2m | [22m [36m84.63 kB[39m[2m | [22m               [36m20.43 kB[39m
[32mchunk-VLOWPMZE.js[39m  [2m | [22m[2mbrowser[22m              [2m | [22m [36m67.78 kB[39m[2m | [22m               [36m17.81 kB[39m

Application bundle generation complete. [11.152 seconds] - 2026-02-13T09:59:15.363Z

Output location: C:\Users\SP\Desktop\Project\Banner_UI_Editor\dist\Banner_UI_Editor

